This is pdfTeX, Version 3.141592653-2.6-1.40.29 (TeX Live 2026) (preloaded format=pdflatex 2026.3.26)  12 AUG 2026 10:49
entering extended mode
 restricted \write18 enabled.
 file:line:error style messages enabled.
 %&-line parsing enabled.
**c:/Users/pmartinez_akribis/Documents/Repositorios/Documentation/doc.tex
(c:/Users/pmartinez_akribis/Documents/Repositorios/Documentation/doc.tex
LaTeX2e <2025-11-01>
L3 programming layer <2026-01-19>
(c:/texlive/2026/texmf-dist/tex/latex/base/article.cls
Document Class: article 2025/01/22 v1.4n Standard LaTeX document class
(c:/texlive/2026/texmf-dist/tex/latex/base/size12.clo
File: size12.clo 2025/01/22 v1.4n Standard LaTeX file (size option)
)
\c@part=\count275
\c@section=\count276
\c@subsection=\count277
\c@subsubsection=\count278
\c@paragraph=\count279
\c@subparagraph=\count280
\c@figure=\count281
\c@table=\count282
\abovecaptionskip=\skip49
\belowcaptionskip=\skip50
\bibindent=\dimen148
) (c:/texlive/2026/texmf-dist/tex/generic/babel/babel.sty
Package: babel 2026/03/24 v26.5 The multilingual framework for LuaLaTeX, pdfLaTeX and XeLaTeX
\babel@savecnt=\count283
LaTeX Encoding Info:    Redeclaring text command \ij (encoding OT1) on input line 2078.
LaTeX Encoding Info:    Redeclaring text command \IJ (encoding OT1) on input line 2080.
LaTeX Encoding Info:    Redeclaring text command \ij (encoding T1) on input line 2082.
LaTeX Encoding Info:    Redeclaring text command \IJ (encoding T1) on input line 2083.
LaTeX Encoding Info:    Ignoring declaration for text command \ij (encoding ?) on input line 2084.
LaTeX Encoding Info:    Ignoring declaration for text command \IJ (encoding ?) on input line 2086.
LaTeX Encoding Info:    Ignoring declaration for text command \SS (encoding ?) on input line 2111.
\U@D=\dimen149
\l@unhyphenated=\language91
 (c:/texlive/2026/texmf-dist/tex/generic/babel/txtbabel.def)
\bbl@readstream=\read2
\bbl@dirlevel=\count284
 (c:/texlive/2026/texmf-dist/tex/generic/babel/locale/es/babel-spanish.tex)
Package babel Info: Importing font and identification data for spanish
(babel)             from babel-es.ini. Reported on input line 4330.
 (c:/texlive/2026/texmf-dist/tex/generic/babel-spanish/spanish.ldf
Language: spanish.ldf 2021/05/27 v5.0q Spanish support from the babel system
\es@quottoks=\toks17
\es@quotdepth=\count285
Package babel Info: Making " an active character on input line 570.
Package babel Info: Making . an active character on input line 675.
Package babel Info: Making < an active character on input line 722.
Package babel Info: Making > an active character on input line 722.
))
LaTeX Encoding Info:    Redeclaring text command \guillemotleft (encoding OT1) on input line 8.
LaTeX Encoding Info:    Redeclaring text command \guillemotright (encoding OT1) on input line 8.
 (c:/texlive/2026/texmf-dist/tex/latex/base/inputenc.sty
Package: inputenc 2024/02/08 v1.3d Input encoding file
\inpenc@prehook=\toks18
\inpenc@posthook=\toks19
) (c:/texlive/2026/texmf-dist/tex/latex/base/fontenc.sty
Package: fontenc 2025/07/18 v2.1d Standard LaTeX package
) (c:/texlive/2026/texmf-dist/tex/latex/lm/lmodern.sty
Package: lmodern 2015/05/01 v1.6.1 Latin Modern Fonts
LaTeX Font Info:    Overwriting symbol font `operators' in version `normal'
(Font)                  OT1/cmr/m/n --> OT1/lmr/m/n on input line 22.
LaTeX Font Info:    Overwriting symbol font `letters' in version `normal'
(Font)                  OML/cmm/m/it --> OML/lmm/m/it on input line 23.
LaTeX Font Info:    Overwriting symbol font `symbols' in version `normal'
(Font)                  OMS/cmsy/m/n --> OMS/lmsy/m/n on input line 24.
LaTeX Font Info:    Overwriting symbol font `largesymbols' in version `normal'
(Font)                  OMX/cmex/m/n --> OMX/lmex/m/n on input line 25.
LaTeX Font Info:    Overwriting symbol font `operators' in version `bold'
(Font)                  OT1/cmr/bx/n --> OT1/lmr/bx/n on input line 26.
LaTeX Font Info:    Overwriting symbol font `letters' in version `bold'
(Font)                  OML/cmm/b/it --> OML/lmm/b/it on input line 27.
LaTeX Font Info:    Overwriting symbol font `symbols' in version `bold'
(Font)                  OMS/cmsy/b/n --> OMS/lmsy/b/n on input line 28.
LaTeX Font Info:    Overwriting symbol font `largesymbols' in version `bold'
(Font)                  OMX/cmex/m/n --> OMX/lmex/m/n on input line 29.
LaTeX Font Info:    Overwriting math alphabet `\mathbf' in version `normal'
(Font)                  OT1/cmr/bx/n --> OT1/lmr/bx/n on input line 31.
LaTeX Font Info:    Overwriting math alphabet `\mathsf' in version `normal'
(Font)                  OT1/cmss/m/n --> OT1/lmss/m/n on input line 32.
LaTeX Font Info:    Overwriting math alphabet `\mathit' in version `normal'
(Font)                  OT1/cmr/m/it --> OT1/lmr/m/it on input line 33.
LaTeX Font Info:    Overwriting math alphabet `\mathtt' in version `normal'
(Font)                  OT1/cmtt/m/n --> OT1/lmtt/m/n on input line 34.
LaTeX Font Info:    Overwriting math alphabet `\mathbf' in version `bold'
(Font)                  OT1/cmr/bx/n --> OT1/lmr/bx/n on input line 35.
LaTeX Font Info:    Overwriting math alphabet `\mathsf' in version `bold'
(Font)                  OT1/cmss/bx/n --> OT1/lmss/bx/n on input line 36.
LaTeX Font Info:    Overwriting math alphabet `\mathit' in version `bold'
(Font)                  OT1/cmr/bx/it --> OT1/lmr/bx/it on input line 37.
LaTeX Font Info:    Overwriting math alphabet `\mathtt' in version `bold'
(Font)                  OT1/cmtt/m/n --> OT1/lmtt/m/n on input line 38.
) (c:/texlive/2026/texmf-dist/tex/latex/geometry/geometry.sty
Package: geometry 2026/03/07 v6.0 Page Geometry
 (c:/texlive/2026/texmf-dist/tex/latex/graphics/keyval.sty
Package: keyval 2022/05/29 v1.15 key=value parser (DPC)
\KV@toks@=\toks20
) (c:/texlive/2026/texmf-dist/tex/generic/iftex/ifvtex.sty
Package: ifvtex 2019/10/25 v1.7 ifvtex legacy package. Use iftex instead.
 (c:/texlive/2026/texmf-dist/tex/generic/iftex/iftex.sty
Package: iftex 2024/12/12 v1.0g TeX engine tests
))
\Gm@cnth=\count286
\Gm@cntv=\count287
\c@Gm@tempcnt=\count288
\Gm@bindingoffset=\dimen150
\Gm@wd@mp=\dimen151
\Gm@odd@mp=\dimen152
\Gm@even@mp=\dimen153
\Gm@layoutwidth=\dimen154
\Gm@layoutheight=\dimen155
\Gm@layouthoffset=\dimen156
\Gm@layoutvoffset=\dimen157
\Gm@dimlist=\toks21
) (c:/texlive/2026/texmf-dist/tex/latex/setspace/setspace.sty
Package: setspace 2022/12/04 v6.7b set line spacing
) (c:/texlive/2026/texmf-dist/tex/latex/amsfonts/amssymb.sty
Package: amssymb 2013/01/14 v3.01 AMS font symbols
 (c:/texlive/2026/texmf-dist/tex/latex/amsfonts/amsfonts.sty
Package: amsfonts 2013/01/14 v3.01 Basic AMSFonts support
\@emptytoks=\toks22
\symAMSa=\mathgroup4
\symAMSb=\mathgroup5
LaTeX Font Info:    Redeclaring math symbol \hbar on input line 98.
LaTeX Font Info:    Overwriting math alphabet `\mathfrak' in version `bold'
(Font)                  U/euf/m/n --> U/euf/b/n on input line 106.
)) (c:/texlive/2026/texmf-dist/tex/latex/amsmath/amsmath.sty
Package: amsmath 2025/07/09 v2.17z AMS math features
\@mathmargin=\skip51

For additional information on amsmath, use the `?' option.
(c:/texlive/2026/texmf-dist/tex/latex/amsmath/amstext.sty
Package: amstext 2024/11/17 v2.01 AMS text
 (c:/texlive/2026/texmf-dist/tex/latex/amsmath/amsgen.sty
File: amsgen.sty 1999/11/30 v2.0 generic functions
\@emptytoks=\toks23
\ex@=\dimen158
)) (c:/texlive/2026/texmf-dist/tex/latex/amsmath/amsbsy.sty
Package: amsbsy 1999/11/29 v1.2d Bold Symbols
\pmbraise@=\dimen159
) (c:/texlive/2026/texmf-dist/tex/latex/amsmath/amsopn.sty
Package: amsopn 2022/04/08 v2.04 operator names
)
\inf@bad=\count289
LaTeX Info: Redefining \frac on input line 233.
\uproot@=\count290
\leftroot@=\count291
LaTeX Info: Redefining \overline on input line 398.
LaTeX Info: Redefining \colon on input line 409.
\classnum@=\count292
\DOTSCASE@=\count293
LaTeX Info: Redefining \ldots on input line 495.
LaTeX Info: Redefining \dots on input line 498.
LaTeX Info: Redefining \cdots on input line 619.
\Mathstrutbox@=\box53
\strutbox@=\box54
LaTeX Info: Redefining \big on input line 721.
LaTeX Info: Redefining \Big on input line 722.
LaTeX Info: Redefining \bigg on input line 723.
LaTeX Info: Redefining \Bigg on input line 724.
\big@size=\dimen160
LaTeX Font Info:    Redeclaring font encoding OML on input line 742.
LaTeX Font Info:    Redeclaring font encoding OMS on input line 743.
\macc@depth=\count294
LaTeX Info: Redefining \bmod on input line 904.
LaTeX Info: Redefining \pmod on input line 909.
LaTeX Info: Redefining \smash on input line 939.
LaTeX Info: Redefining \relbar on input line 969.
LaTeX Info: Redefining \Relbar on input line 970.
\c@MaxMatrixCols=\count295
\dotsspace@=\muskip17
\c@parentequation=\count296
\dspbrk@lvl=\count297
\tag@help=\toks24
\row@=\count298
\column@=\count299
\maxfields@=\count300
\andhelp@=\toks25
\eqnshift@=\dimen161
\alignsep@=\dimen162
\tagshift@=\dimen163
\tagwidth@=\dimen164
\totwidth@=\dimen165
\lineht@=\dimen166
\@envbody=\toks26
\multlinegap=\skip52
\multlinetaggap=\skip53
\mathdisplay@stack=\toks27
LaTeX Info: Redefining \[ on input line 2950.
LaTeX Info: Redefining \] on input line 2951.
) (c:/texlive/2026/texmf-dist/tex/latex/booktabs/booktabs.sty
Package: booktabs 2020/01/12 v1.61803398 Publication quality tables
\heavyrulewidth=\dimen167
\lightrulewidth=\dimen168
\cmidrulewidth=\dimen169
\belowrulesep=\dimen170
\belowbottomsep=\dimen171
\aboverulesep=\dimen172
\abovetopsep=\dimen173
\cmidrulesep=\dimen174
\cmidrulekern=\dimen175
\defaultaddspace=\dimen176
\@cmidla=\count301
\@cmidlb=\count302
\@aboverulesep=\dimen177
\@belowrulesep=\dimen178
\@thisruleclass=\count303
\@lastruleclass=\count304
\@thisrulewidth=\dimen179
) (c:/texlive/2026/texmf-dist/tex/latex/hyperref/hyperref.sty
Package: hyperref 2026-01-29 v7.01p Hypertext links for LaTeX
 (c:/texlive/2026/texmf-dist/tex/latex/kvsetkeys/kvsetkeys.sty
Package: kvsetkeys 2022-10-05 v1.19 Key value parser (HO)
) (c:/texlive/2026/texmf-dist/tex/generic/kvdefinekeys/kvdefinekeys.sty
Package: kvdefinekeys 2019-12-19 v1.6 Define keys (HO)
) (c:/texlive/2026/texmf-dist/tex/generic/pdfescape/pdfescape.sty
Package: pdfescape 2019/12/09 v1.15 Implements pdfTeX's escape features (HO)
 (c:/texlive/2026/texmf-dist/tex/generic/ltxcmds/ltxcmds.sty
Package: ltxcmds 2023-12-04 v1.26 LaTeX kernel commands for general use (HO)
) (c:/texlive/2026/texmf-dist/tex/generic/pdftexcmds/pdftexcmds.sty
Package: pdftexcmds 2020-06-27 v0.33 Utility functions of pdfTeX for LuaTeX (HO)
 (c:/texlive/2026/texmf-dist/tex/generic/infwarerr/infwarerr.sty
Package: infwarerr 2019/12/03 v1.5 Providing info/warning/error messages (HO)
)
Package pdftexcmds Info: \pdf@primitive is available.
Package pdftexcmds Info: \pdf@ifprimitive is available.
Package pdftexcmds Info: \pdfdraftmode found.
)) (c:/texlive/2026/texmf-dist/tex/latex/hycolor/hycolor.sty
Package: hycolor 2020-01-27 v1.10 Color options for hyperref/bookmark (HO)
) (c:/texlive/2026/texmf-dist/tex/latex/hyperref/nameref.sty
Package: nameref 2026-01-29 v2.58 Cross-referencing by name of section
 (c:/texlive/2026/texmf-dist/tex/latex/refcount/refcount.sty
Package: refcount 2019/12/15 v3.6 Data extraction from label references (HO)
) (c:/texlive/2026/texmf-dist/tex/generic/gettitlestring/gettitlestring.sty
Package: gettitlestring 2019/12/15 v1.6 Cleanup title references (HO)
 (c:/texlive/2026/texmf-dist/tex/latex/kvoptions/kvoptions.sty
Package: kvoptions 2022-06-15 v3.15 Key value format for package options (HO)
))
\c@section@level=\count305
) (c:/texlive/2026/texmf-dist/tex/latex/etoolbox/etoolbox.sty
Package: etoolbox 2025/10/02 v2.5m e-TeX tools for LaTeX (JAW)
\etb@tempcnta=\count306
) (c:/texlive/2026/texmf-dist/tex/generic/stringenc/stringenc.sty
Package: stringenc 2019/11/29 v1.12 Convert strings between diff. encodings (HO)
)
\@linkdim=\dimen180
\Hy@linkcounter=\count307
\Hy@pagecounter=\count308
 (c:/texlive/2026/texmf-dist/tex/latex/hyperref/pd1enc.def
File: pd1enc.def 2026-01-29 v7.01p Hyperref: PDFDocEncoding definition (HO)
Now handling font encoding PD1 ...
... no UTF-8 mapping file for font encoding PD1
) (c:/texlive/2026/texmf-dist/tex/generic/intcalc/intcalc.sty
Package: intcalc 2019/12/15 v1.3 Expandable calculations with integers (HO)
)
\Hy@SavedSpaceFactor=\count309
 (c:/texlive/2026/texmf-dist/tex/latex/hyperref/puenc.def
File: puenc.def 2026-01-29 v7.01p Hyperref: PDF Unicode definition (HO)
Now handling font encoding PU ...
... no UTF-8 mapping file for font encoding PU
)
Package hyperref Info: Option `colorlinks' set `true' on input line 4072.
Package hyperref Info: Hyper figures OFF on input line 4201.
Package hyperref Info: Link nesting OFF on input line 4206.
Package hyperref Info: Hyper index ON on input line 4209.
Package hyperref Info: Plain pages OFF on input line 4216.
Package hyperref Info: Backreferencing OFF on input line 4221.
Package hyperref Info: Implicit mode ON; LaTeX internals redefined.
Package hyperref Info: Bookmarks ON on input line 4468.
\c@Hy@tempcnt=\count310
 (c:/texlive/2026/texmf-dist/tex/latex/url/url.sty
\Urlmuskip=\muskip18
Package: url 2013/09/16  ver 3.4  Verb mode for urls, etc.
)
LaTeX Info: Redefining \url on input line 4807.
\XeTeXLinkMargin=\dimen181
 (c:/texlive/2026/texmf-dist/tex/generic/bitset/bitset.sty
Package: bitset 2019/12/09 v1.3 Handle bit-vector datatype (HO)
 (c:/texlive/2026/texmf-dist/tex/generic/bigintcalc/bigintcalc.sty
Package: bigintcalc 2019/12/15 v1.5 Expandable calculations on big integers (HO)
))
\Fld@menulength=\count311
\Field@Width=\dimen182
\Fld@charsize=\dimen183
Package hyperref Info: Hyper figures OFF on input line 6084.
Package hyperref Info: Link nesting OFF on input line 6089.
Package hyperref Info: Hyper index ON on input line 6092.
Package hyperref Info: backreferencing OFF on input line 6099.
Package hyperref Info: Link coloring ON on input line 6102.
Package hyperref Info: Link coloring with OCG OFF on input line 6109.
Package hyperref Info: PDF/A mode OFF on input line 6114.
\Hy@abspage=\count312
\c@Item=\count313
\c@Hfootnote=\count314
)
Package hyperref Info: Driver (autodetected): hpdftex.
 (c:/texlive/2026/texmf-dist/tex/latex/hyperref/hpdftex.def
File: hpdftex.def 2026-01-29 v7.01p Hyperref driver for pdfTeX
\Fld@listcount=\count315
\c@bookmark@seq@number=\count316
 (c:/texlive/2026/texmf-dist/tex/latex/rerunfilecheck/rerunfilecheck.sty
Package: rerunfilecheck 2025-06-21 v1.11 Rerun checks for auxiliary files (HO)
 (c:/texlive/2026/texmf-dist/tex/generic/uniquecounter/uniquecounter.sty
Package: uniquecounter 2019/12/15 v1.4 Provide unlimited unique counter (HO)
)
Package uniquecounter Info: New unique counter `rerunfilecheck' on input line 284.
)
\Hy@SectionHShift=\skip54
) (c:/texlive/2026/texmf-dist/tex/latex/cleveref/cleveref.sty
Package: cleveref 2018/03/27 v0.21.4 Intelligent cross-referencing
Package cleveref Info: `hyperref' support loaded on input line 2370.
LaTeX Info: Redefining \cref on input line 2370.
LaTeX Info: Redefining \Cref on input line 2370.
LaTeX Info: Redefining \crefrange on input line 2370.
LaTeX Info: Redefining \Crefrange on input line 2370.
LaTeX Info: Redefining \cpageref on input line 2370.
LaTeX Info: Redefining \Cpageref on input line 2370.
LaTeX Info: Redefining \cpagerefrange on input line 2370.
LaTeX Info: Redefining \Cpagerefrange on input line 2370.
LaTeX Info: Redefining \labelcref on input line 2370.
LaTeX Info: Redefining \labelcpageref on input line 2370.
Package cleveref Info: include cross-reference names in hyperlinks on input line 7836.
Package cleveref Info: include cross-reference names in hyperlinks on input line 7852.
)
==> First Aid for cleveref.sty applied!
(c:/texlive/2026/texmf-dist/tex/latex/biblatex/biblatex.sty
Package: biblatex 2025/07/10 v3.21 programmable bibliographies (PK/MW)
 (c:/texlive/2026/texmf-dist/tex/latex/logreq/logreq.sty
Package: logreq 2010/08/04 v1.0 xml request logger
\lrq@indent=\count317
 (c:/texlive/2026/texmf-dist/tex/latex/logreq/logreq.def
File: logreq.def 2010/08/04 v1.0 logreq spec v1.0
)) (c:/texlive/2026/texmf-dist/tex/latex/base/ifthen.sty
Package: ifthen 2024/03/16 v1.1e Standard LaTeX ifthen package (DPC)
)
\c@tabx@nest=\count318
\c@listtotal=\count319
\c@listcount=\count320
\c@liststart=\count321
\c@liststop=\count322
\c@citecount=\count323
\c@citetotal=\count324
\c@multicitecount=\count325
\c@multicitetotal=\count326
\c@instcount=\count327
\c@maxnames=\count328
\c@minnames=\count329
\c@maxitems=\count330
\c@minitems=\count331
\c@citecounter=\count332
\c@maxcitecounter=\count333
\c@savedcitecounter=\count334
\c@uniquelist=\count335
\c@uniquename=\count336
\c@refsection=\count337
\c@refsegment=\count338
\c@maxextratitle=\count339
\c@maxextratitleyear=\count340
\c@maxextraname=\count341
\c@maxextradate=\count342
\c@maxextraalpha=\count343
\c@abbrvpenalty=\count344
\c@highnamepenalty=\count345
\c@lownamepenalty=\count346
\c@maxparens=\count347
\c@parenlevel=\count348
\blx@tempcnta=\count349
\blx@tempcntb=\count350
\blx@tempcntc=\count351
\c@blx@maxsection=\count352
\blx@maxsegment@0=\count353
\blx@notetype=\count354
\blx@parenlevel@text=\count355
\blx@parenlevel@foot=\count356
\blx@sectionciteorder@0=\count357
\blx@sectionciteorderinternal@0=\count358
\blx@entrysetcounter=\count359
\blx@biblioinstance=\count360
\labelnumberwidth=\skip55
\labelalphawidth=\skip56
\biblabelsep=\skip57
\bibitemsep=\skip58
\bibnamesep=\skip59
\bibinitsep=\skip60
\bibparsep=\skip61
\bibhang=\skip62
\blx@bcfin=\read3
\blx@bcfout=\write3
\blx@langwohyphens=\language92
\c@mincomprange=\count361
\c@maxcomprange=\count362
\c@mincompwidth=\count363
Package biblatex Info: Trying to load biblatex default data model...
Package biblatex Info: ... file 'blx-dm.def' found.
 (c:/texlive/2026/texmf-dist/tex/latex/biblatex/blx-dm.def
File: blx-dm.def 2025/07/10 v3.21 biblatex datamodel (PK/MW)
)
Package biblatex Info: Trying to load biblatex custom data model...
Package biblatex Info: ... file 'biblatex-dm.cfg' not found.
\c@afterword=\count364
\c@savedafterword=\count365
\c@annotator=\count366
\c@savedannotator=\count367
\c@author=\count368
\c@savedauthor=\count369
\c@bookauthor=\count370
\c@savedbookauthor=\count371
\c@commentator=\count372
\c@savedcommentator=\count373
\c@editor=\count374
\c@savededitor=\count375
\c@editora=\count376
\c@savededitora=\count377
\c@editorb=\count378
\c@savededitorb=\count379
\c@editorc=\count380
\c@savededitorc=\count381
\c@foreword=\count382
\c@savedforeword=\count383
\c@holder=\count384
\c@savedholder=\count385
\c@introduction=\count386
\c@savedintroduction=\count387
\c@namea=\count388
\c@savednamea=\count389
\c@nameb=\count390
\c@savednameb=\count391
\c@namec=\count392
\c@savednamec=\count393
\c@translator=\count394
\c@savedtranslator=\count395
\c@shortauthor=\count396
\c@savedshortauthor=\count397
\c@shorteditor=\count398
\c@savedshorteditor=\count399
\c@labelname=\count400
\c@savedlabelname=\count401
\c@institution=\count402
\c@savedinstitution=\count403
\c@lista=\count404
\c@savedlista=\count405
\c@listb=\count406
\c@savedlistb=\count407
\c@listc=\count408
\c@savedlistc=\count409
\c@listd=\count410
\c@savedlistd=\count411
\c@liste=\count412
\c@savedliste=\count413
\c@listf=\count414
\c@savedlistf=\count415
\c@location=\count416
\c@savedlocation=\count417
\c@organization=\count418
\c@savedorganization=\count419
\c@origlocation=\count420
\c@savedoriglocation=\count421
\c@origpublisher=\count422
\c@savedorigpublisher=\count423
\c@publisher=\count424
\c@savedpublisher=\count425
\c@language=\count426
\c@savedlanguage=\count427
\c@origlanguage=\count428
\c@savedoriglanguage=\count429
\c@pageref=\count430
\c@savedpageref=\count431
\shorthandwidth=\skip63
\shortjournalwidth=\skip64
\shortserieswidth=\skip65
\shorttitlewidth=\skip66
\shortauthorwidth=\skip67
\shorteditorwidth=\skip68
\locallabelnumberwidth=\skip69
\locallabelalphawidth=\skip70
\localshorthandwidth=\skip71
\localshortjournalwidth=\skip72
\localshortserieswidth=\skip73
\localshorttitlewidth=\skip74
\localshortauthorwidth=\skip75
\localshorteditorwidth=\skip76
Package biblatex Info: Trying to load compatibility code...
Package biblatex Info: ... file 'blx-compat.def' found.
 (c:/texlive/2026/texmf-dist/tex/latex/biblatex/blx-compat.def
File: blx-compat.def 2025/07/10 v3.21 biblatex compatibility (PK/MW)
)
Package biblatex Info: Trying to load generic definitions...
Package biblatex Info: ... file 'biblatex.def' found.
 (c:/texlive/2026/texmf-dist/tex/latex/biblatex/biblatex.def
File: biblatex.def 2025/07/10 v3.21 biblatex compatibility (PK/MW)
\c@textcitecount=\count432
\c@textcitetotal=\count433
\c@textcitemaxnames=\count434
\c@biburlbigbreakpenalty=\count435
\c@biburlbreakpenalty=\count436
\c@biburlnumpenalty=\count437
\c@biburlucpenalty=\count438
\c@biburllcpenalty=\count439
\biburlbigskip=\muskip19
\biburlnumskip=\muskip20
\biburlucskip=\muskip21
\biburllcskip=\muskip22
\c@smartand=\count440
)
Package biblatex Info: Trying to load bibliography style 'numeric'...
Package biblatex Info: ... file 'numeric.bbx' found.
 (c:/texlive/2026/texmf-dist/tex/latex/biblatex/bbx/numeric.bbx
File: numeric.bbx 2025/07/10 v3.21 biblatex bibliography style (PK/MW)
Package biblatex Info: Trying to load bibliography style 'standard'...
Package biblatex Info: ... file 'standard.bbx' found.
 (c:/texlive/2026/texmf-dist/tex/latex/biblatex/bbx/standard.bbx
File: standard.bbx 2025/07/10 v3.21 biblatex bibliography style (PK/MW)
\c@bbx:relatedcount=\count441
\c@bbx:relatedtotal=\count442
))
Package biblatex Info: Trying to load citation style 'numeric'...
Package biblatex Info: ... file 'numeric.cbx' found.
 (c:/texlive/2026/texmf-dist/tex/latex/biblatex/cbx/numeric.cbx
File: numeric.cbx 2025/07/10 v3.21 biblatex citation style (PK/MW)
Package biblatex Info: Redefining '\cite'.
Package biblatex Info: Redefining '\parencite'.
Package biblatex Info: Redefining '\footcite'.
Package biblatex Info: Redefining '\footcitetext'.
Package biblatex Info: Redefining '\smartcite'.
Package biblatex Info: Redefining '\supercite'.
Package biblatex Info: Redefining '\textcite'.
Package biblatex Info: Redefining '\textcites'.
Package biblatex Info: Redefining '\cites'.
Package biblatex Info: Redefining '\parencites'.
Package biblatex Info: Redefining '\smartcites'.
)
Package biblatex Info: Trying to load configuration file...
Package biblatex Info: ... file 'biblatex.cfg' found.
 (c:/texlive/2026/texmf-dist/tex/latex/biblatex/biblatex.cfg
File: biblatex.cfg 
)
Package biblatex Info: Input encoding 'utf8' detected.
Package biblatex Info: Document encoding is UTF8 ....
 (c:/texlive/2026/texmf-dist/tex/latex/l3kernel/expl3.sty
Package: expl3 2026-01-19 L3 programming layer (loader) 
 (c:/texlive/2026/texmf-dist/tex/latex/l3backend/l3backend-pdftex.def
File: l3backend-pdftex.def 2025-10-09 L3 backend support: PDF output (pdfTeX)
\l__color_backend_stack_int=\count443
))
Package biblatex Info: ... and expl3
(biblatex)             2026-01-19 L3 programming layer (loader) 
(biblatex)             is new enough (at least 2020/04/06),
(biblatex)             setting 'casechanger=expl3'.
 (c:/texlive/2026/texmf-dist/tex/latex/biblatex/blx-case-expl3.sty (c:/texlive/2026/texmf-dist/tex/latex/l3packages/xparse/xparse.sty
Package: xparse 2025-10-09 L3 Experimental document command parser
)
Package: blx-case-expl3 2025/07/10 v3.21 expl3 case changing code for biblatex
)) (c:/texlive/2026/texmf-dist/tex/latex/csquotes/csquotes.sty
Package: csquotes 2024-04-04 v5.2o context-sensitive quotations (JAW)
\csq@reset=\count444
\csq@gtype=\count445
\csq@glevel=\count446
\csq@qlevel=\count447
\csq@maxlvl=\count448
\csq@tshold=\count449
\csq@ltx@everypar=\toks28
 (c:/texlive/2026/texmf-dist/tex/latex/csquotes/csquotes.def
File: csquotes.def 2024-04-04 v5.2o csquotes generic definitions (JAW)
)
Package csquotes Info: Trying to load configuration file 'csquotes.cfg'...
Package csquotes Info: ... configuration file loaded successfully.
 (c:/texlive/2026/texmf-dist/tex/latex/csquotes/csquotes.cfg
File: csquotes.cfg 
)) (c:/texlive/2026/texmf-dist/tex/latex/graphics/graphicx.sty
Package: graphicx 2024/12/31 v1.2e Enhanced LaTeX Graphics (DPC,SPQR)
 (c:/texlive/2026/texmf-dist/tex/latex/graphics/graphics.sty
Package: graphics 2024/08/06 v1.4g Standard LaTeX Graphics (DPC,SPQR)
 (c:/texlive/2026/texmf-dist/tex/latex/graphics/trig.sty
Package: trig 2023/12/02 v1.11 sin cos tan (DPC)
) (c:/texlive/2026/texmf-dist/tex/latex/graphics-cfg/graphics.cfg
File: graphics.cfg 2016/06/04 v1.11 sample graphics configuration
)
Package graphics Info: Driver file: pdftex.def on input line 106.
 (c:/texlive/2026/texmf-dist/tex/latex/graphics-def/pdftex.def
File: pdftex.def 2025/09/29 v1.2d Graphics/color driver for pdftex
))
\Gin@req@height=\dimen184
\Gin@req@width=\dimen185
) (c:/texlive/2026/texmf-dist/tex/latex/float/float.sty
Package: float 2001/11/08 v1.3d Float enhancements (AL)
\c@float@type=\count450
\float@exts=\toks29
\float@box=\box55
\@float@everytoks=\toks30
\@floatcapt=\box56
) (c:/texlive/2026/texmf-dist/tex/latex/subfig/subfig.sty
Package: subfig 2005/06/28 ver: 1.3 subfig package
 (c:/texlive/2026/texmf-dist/tex/latex/caption/caption.sty
Package: caption 2023/08/05 v3.6o Customizing captions (AR)
 (c:/texlive/2026/texmf-dist/tex/latex/caption/caption3.sty
Package: caption3 2023/07/31 v2.4d caption3 kernel (AR)
\caption@tempdima=\dimen186
\captionmargin=\dimen187
\caption@leftmargin=\dimen188
\caption@rightmargin=\dimen189
\caption@width=\dimen190
\caption@indent=\dimen191
\caption@parindent=\dimen192
\caption@hangindent=\dimen193
Package caption Info: Standard document class detected.
)
\c@caption@flags=\count451
\c@continuedfloat=\count452
Package caption Info: float package is loaded.
Package caption Info: hyperref package is loaded.
)
\c@KVtest=\count453
\sf@farskip=\skip77
\sf@captopadj=\dimen194
\sf@capskip=\skip78
\sf@nearskip=\skip79
\c@subfigure=\count454
\c@subfigure@save=\count455
\c@lofdepth=\count456
\c@subtable=\count457
\c@subtable@save=\count458
\c@lotdepth=\count459
\sf@top=\skip80
\sf@bottom=\skip81
) (c:/texlive/2026/texmf-dist/tex/latex/chngcntr/chngcntr.sty
Package: chngcntr 2018/04/09 v1.1a change counter resetting
Package chngcntr Info: \counterwithout already defined.
(chngcntr)             Quitting chngcntr on input line 21.
) (c:/texlive/2026/texmf-dist/tex/latex/placeins/placeins.sty
Package: placeins 2005/04/18  v 2.2
)
Package csquotes Info: Checking for multilingual support...
Package csquotes Info: ... found 'babel' package.
Package csquotes Info: Adjusting default style.
Package csquotes Info: Redefining alias 'default' -> 'spanish'.
LaTeX Font Info:    Trying to load font information for T1+lmr on input line 50.
 (c:/texlive/2026/texmf-dist/tex/latex/lm/t1lmr.fd
File: t1lmr.fd 2015/05/01 v1.6.1 Font defs for Latin Modern
) (out_dir/doc.aux
LaTeX Info: Redefining \. on input line 14.
LaTeX Info: Redefining \% on input line 14.
Package babel Info: 'spanish' activates 'spanish' shorthands.
(babel)             Reported on input line 14.
)
\openout1 = `doc.aux'.

LaTeX Font Info:    Checking defaults for OML/cmm/m/it on input line 50.
LaTeX Font Info:    ... okay on input line 50.
LaTeX Font Info:    Checking defaults for OMS/cmsy/m/n on input line 50.
LaTeX Font Info:    ... okay on input line 50.
LaTeX Font Info:    Checking defaults for OT1/cmr/m/n on input line 50.
LaTeX Font Info:    ... okay on input line 50.
LaTeX Font Info:    Checking defaults for T1/cmr/m/n on input line 50.
LaTeX Font Info:    ... okay on input line 50.
LaTeX Font Info:    Checking defaults for TS1/cmr/m/n on input line 50.
LaTeX Font Info:    ... okay on input line 50.
LaTeX Font Info:    Checking defaults for OMX/cmex/m/n on input line 50.
LaTeX Font Info:    ... okay on input line 50.
LaTeX Font Info:    Checking defaults for U/cmr/m/n on input line 50.
LaTeX Font Info:    ... okay on input line 50.
LaTeX Font Info:    Checking defaults for PD1/pdf/m/n on input line 50.
LaTeX Font Info:    ... okay on input line 50.
LaTeX Font Info:    Checking defaults for PU/pdf/m/n on input line 50.
LaTeX Font Info:    ... okay on input line 50.
LaTeX Info: Redefining \. on input line 50.
LaTeX Info: Redefining \% on input line 50.

*geometry* driver: auto-detecting
*geometry* detected driver: pdftex
*geometry* verbose mode - [ preamble ] result:
* driver: pdftex
* paper: a4paper
* layout: <same size as paper>
* layoutoffset:(h,v)=(0.0pt,0.0pt)
* modes: 
* h-part:(L,W,R)=(48.36958pt, 500.7687pt, 48.36958pt)
* v-part:(T,H,B)=(48.36958pt, 748.30768pt, 48.36958pt)
* \paperwidth=597.50787pt
* \paperheight=845.04684pt
* \textwidth=500.7687pt
* \textheight=748.30768pt
* \oddsidemargin=-23.9004pt
* \evensidemargin=-23.9004pt
* \topmargin=-60.9004pt
* \headheight=12.0pt
* \headsep=25.0pt
* \topskip=12.0pt
* \footskip=30.0pt
* \marginparwidth=44.0pt
* \marginparsep=10.0pt
* \columnsep=10.0pt
* \skip\footins=10.8pt plus 4.0pt minus 2.0pt
* \hoffset=0.0pt
* \voffset=0.0pt
* \mag=1000
* \@twocolumnfalse
* \@twosidefalse
* \@mparswitchfalse
* \@reversemarginfalse
* (1in=72.27pt=25.4mm, 1cm=28.453pt)

(c:/texlive/2026/texmf-dist/tex/latex/graphics/color.sty
Package: color 2025/01/14 v1.3e Standard LaTeX Color (DPC)
 (c:/texlive/2026/texmf-dist/tex/latex/graphics-cfg/color.cfg
File: color.cfg 2016/01/02 v1.6 sample color configuration
)
Package color Info: Driver file: pdftex.def on input line 149.
 (c:/texlive/2026/texmf-dist/tex/latex/graphics/mathcolor.ltx))
Package hyperref Info: Link coloring ON on input line 50.
 (out_dir/doc.out) (out_dir/doc.out)
\@outlinefile=\write4
\openout4 = `doc.out'.

Package biblatex Info: Trying to load language 'spanish'...
Package biblatex Info: ... file 'spanish.lbx' found.
 (c:/texlive/2026/texmf-dist/tex/latex/biblatex/lbx/spanish.lbx
File: spanish.lbx 2025/07/10 v3.21 biblatex localization (PK/MW)
)
Package biblatex Info: Input encoding 'utf8' detected.
Package biblatex Info: Automatic encoding selection.
(biblatex)             Assuming data encoding 'utf8'.
\openout3 = `doc.bcf'.

Package biblatex Info: Trying to load bibliographic data...
Package biblatex Info: ... file 'doc.bbl' found.
 (out_dir/doc.bbl)
Package biblatex Info: Reference section=0 on input line 50.
Package biblatex Info: Reference segment=0 on input line 50.
 (c:/texlive/2026/texmf-dist/tex/context/base/mkii/supp-pdf.mkii
[Loading MPS to PDF converter (version 2006.09.02).]
\scratchcounter=\count460
\scratchdimen=\dimen195
\scratchbox=\box57
\nofMPsegments=\count461
\nofMParguments=\count462
\everyMPshowfont=\toks31
\MPscratchCnt=\count463
\MPscratchDim=\dimen196
\MPnumerator=\count464
\makeMPintoPDFobject=\count465
\everyMPtoPDFconversion=\toks32
) (c:/texlive/2026/texmf-dist/tex/latex/epstopdf-pkg/epstopdf-base.sty
Package: epstopdf-base 2020-01-24 v2.11 Base part for package epstopdf
Package epstopdf-base Info: Redefining graphics rule for `.eps' on input line 485.
 (c:/texlive/2026/texmf-dist/tex/latex/latexconfig/epstopdf-sys.cfg
File: epstopdf-sys.cfg 2010/07/13 v1.3 Configuration of (r)epstopdf for TeX Live
))
Package caption Info: Begin \AtBeginDocument code.
Package caption Info: subfig package v1.3 is loaded.
Package caption Info: End \AtBeginDocument code.
LaTeX Font Info:    Trying to load font information for OT1+lmr on input line 55.
 (c:/texlive/2026/texmf-dist/tex/latex/lm/ot1lmr.fd
File: ot1lmr.fd 2015/05/01 v1.6.1 Font defs for Latin Modern
)
LaTeX Font Info:    Trying to load font information for OML+lmm on input line 55.
 (c:/texlive/2026/texmf-dist/tex/latex/lm/omllmm.fd
File: omllmm.fd 2015/05/01 v1.6.1 Font defs for Latin Modern
)
LaTeX Font Info:    Trying to load font information for OMS+lmsy on input line 55.
 (c:/texlive/2026/texmf-dist/tex/latex/lm/omslmsy.fd
File: omslmsy.fd 2015/05/01 v1.6.1 Font defs for Latin Modern
)
LaTeX Font Info:    Trying to load font information for OMX+lmex on input line 55.
 (c:/texlive/2026/texmf-dist/tex/latex/lm/omxlmex.fd
File: omxlmex.fd 2015/05/01 v1.6.1 Font defs for Latin Modern
)
LaTeX Font Info:    External font `lmex10' loaded for size
(Font)              <14.4> on input line 55.
LaTeX Font Info:    External font `lmex10' loaded for size
(Font)              <10> on input line 55.
LaTeX Font Info:    External font `lmex10' loaded for size
(Font)              <7> on input line 55.
LaTeX Font Info:    Trying to load font information for U+msa on input line 55.
 (c:/texlive/2026/texmf-dist/tex/latex/amsfonts/umsa.fd
File: umsa.fd 2013/01/14 v3.01 AMS symbols A
)
LaTeX Font Info:    Trying to load font information for U+msb on input line 55.
 (c:/texlive/2026/texmf-dist/tex/latex/amsfonts/umsb.fd
File: umsb.fd 2013/01/14 v3.01 AMS symbols B
) (./metodologia.tex
./metodologia.tex:3: Missing $ inserted.
<inserted text> 
                $
l.3 En la mayor parte de los casos, un _
                                        mensurando_ o _magnitud de salida_ $...
I've inserted a begin-math/end-math symbol since I think
you left one out. Proceed, with fingers crossed.

LaTeX Font Info:    External font `lmex10' loaded for size
(Font)              <12> on input line 3.
LaTeX Font Info:    External font `lmex10' loaded for size
(Font)              <8> on input line 3.
LaTeX Font Info:    External font `lmex10' loaded for size
(Font)              <6> on input line 3.
./metodologia.tex:3: Double subscript.
l.3 ...yor parte de los casos, un _mensurando_ o _
                                                  magnitud de salida_ $Y$ qu...
I treat `x_1_2' essentially like `x_1{}_2'.

./metodologia.tex:3: Missing { inserted.
<to be read again> 
                   $
l.3 ...s, un _mensurando_ o _magnitud de salida_ $
                                                  Y$ que se busca reportar c...
A left brace was mandatory here, so I've put one in.
You might want to delete and/or insert some corrections
so that I will find a matching right brace soon.
(If you're confused by all this, try typing `I}' now.)

./metodologia.tex:3: Missing } inserted.
<inserted text> 
                }
l.3 ...s, un _mensurando_ o _magnitud de salida_ $
                                                  Y$ que se busca reportar c...
I've inserted something that you may have forgotten.
(See the <inserted text> above.)
With luck, this will get me unwedged. But if you
really didn't forget anything, try typing `2' now; then
my insertion and my current dilemma will both disappear.


LaTeX Warning: Command \' invalid in math mode on input line 3.


LaTeX Warning: Command \' invalid in math mode on input line 3.

./metodologia.tex:3: Missing { inserted.
<to be read again> 
                   $
l.3 ...rtir de otras $N$ _magnitudes de entrada_ $
                                                  X_1, X_2, \ldots, X_N$, po...
A left brace was mandatory here, so I've put one in.
You might want to delete and/or insert some corrections
so that I will find a matching right brace soon.
(If you're confused by all this, try typing `I}' now.)

./metodologia.tex:3: Missing } inserted.
<inserted text> 
                }
l.3 ...rtir de otras $N$ _magnitudes de entrada_ $
                                                  X_1, X_2, \ldots, X_N$, po...
I've inserted something that you may have forgotten.
(See the <inserted text> above.)
With luck, this will get me unwedged. But if you
really didn't forget anything, try typing `2' now; then
my insertion and my current dilemma will both disappear.

./metodologia.tex:3: Missing $ inserted.
<inserted text> 
                $
l.3 ...ir de otras $N$ _magnitudes de entrada_ $X_
                                                  1, X_2, \ldots, X_N$, por ...
I've inserted a begin-math/end-math symbol since I think
you left one out. Proceed, with fingers crossed.


Overfull \hbox (683.86777pt too wide) in paragraph at lines 3--4
[]\T1/lmr/m/n/12 En la ma-yor par-te de los ca-sos, un $[]\OML/lmm/m/it/12 ensurando[][]agnituddesalida[]$\T1/lmr/m/n/12 Y$\OML/lmm/m/it/12 quesebuscareportarcomoresultadodeunamedici\OT1/lmr/m/n/12 Û\OML/lmm/m/it/12 nocalibraci\OT1/lmr/m/n/12 Û\OML/lmm/m/it/12 nnosemidedirectamente; sinoquesedeterminaapartirdeotras$\T1/lmr/m/n/12 N$[]\OML/lmm/m/it/12 agnitudesdeentrada[]$\T1/lmr/m/n/12 X$[]\OML/lmm/m/it/12 ; X[]; [] ; X[]$\T1/lmr/m/n/12 ,
 []

./metodologia.tex:10: Missing $ inserted.
<inserted text> 
                $
l.10 ...entes de otras magnitudes, junto con las _
                                                  correcciones_ y _factores ...
I've inserted a begin-math/end-math symbol since I think
you left one out. Proceed, with fingers crossed.

./metodologia.tex:10: Double subscript.
l.10 ...gnitudes, junto con las _correcciones_ y _
                                                  factores de correcci√≥n_ p...
I treat `x_1_2' essentially like `x_1{}_2'.


LaTeX Warning: Command \' invalid in math mode on input line 10.


LaTeX Warning: Command \' invalid in math mode on input line 10.


LaTeX Warning: Command \' invalid in math mode on input line 10.


LaTeX Warning: Command \' invalid in math mode on input line 10.


LaTeX Warning: Command \' invalid in math mode on input line 10.


LaTeX Warning: Command \' invalid in math mode on input line 10.


LaTeX Warning: Command \' invalid in math mode on input line 10.


LaTeX Warning: Command \' invalid in math mode on input line 10.


LaTeX Warning: Command \' invalid in math mode on input line 10.


LaTeX Warning: Command \' invalid in math mode on input line 10.


LaTeX Warning: Command \' invalid in math mode on input line 10.

./metodologia.tex:11: Missing $ inserted.
<inserted text> 
                $
l.11 
     
I've inserted a begin-math/end-math symbol since I think
you left one out. Proceed, with fingers crossed.


Overfull \hbox (180.15594pt too wide) in paragraph at lines 10--11
\T1/lmr/m/n/12 su vez co-mo men-su-ran-dos de-pen-dien-tes de otras mag-ni-tu-des, jun-to con las $[]\OML/lmm/m/it/12 orrecciones[][]actoresdecorrecci\OT1/lmr/m/n/12 Û\OML/lmm/m/it/12 n[]orefectossistem\OT1/lmr/m/n/12 ·\OML/lmm/m/it/12 ticos: \OMS/lmsy/m/n/12 ^^C
 []


Overfull \hbox (2264.89453pt too wide) in paragraph at lines 10--11
\OMS/lmsy/m/n/12 ^^C\OT1/lmr/m/n/12 [\OML/lmm/m/it/12 GUM\OT1/lmr/m/n/12 4[]1[]2\OML/lmm/m/it/12 ; \OT1/lmr/m/n/12 4[]1[]3] \OMS/lmsy/m/n/12 ^^C ^^C$\T1/lmr/m/n/12 f$\OML/lmm/m/it/12 ; entonces; eslafunci\OT1/lmr/m/n/12 Û\OML/lmm/m/it/12 nquecontienetodamagnitud; incluyendocorreccionesyfactoresdecorrecci\OT1/lmr/m/n/12 Û\OML/lmm/m/it/12 n; susceptibledecontribuiraunacomponentesignificativadelaincertidumbredelresultadodemedida:Paraladeterminaci\OT1/lmr/m/n/12 Û\OML/lmm/m/it/12 nde$\T1/lmr/m/n/12 f$\OML/lmm/m/it/12 seidentificantodasestasvariablesdeinfluencia; incluyendoaquellasquesondespreciablesencorrecci\OT1/lmr/m/n/12 Û\OML/lmm/m/it/12 nperos\OT1/lmr/m/n/12 Ì\OML/lmm/m/it/12 sonconsiderablesensuincertidumbreysetomaunadecisi\OT1/lmr/m/n/12 Û\OML/lmm/m/it/12 ninformadasobrecu\OT1/lmr/m/n/12 ·\OML/lmm/m/it/12 lessonsignificativasodespreciablesapartirdelmodelof\OT1/lmr/m/n/12 Ì\OML/lmm/m/it/12 sicoconocidodelmensurando$\T1/lmr/m/n/12 Y$\OML/lmm/m/it/12 ydem\OT1/lmr/m/n/12 È\OML/lmm/m/it/12 todosexperimentales:$ 
 []

./metodologia.tex:12: Missing $ inserted.
<inserted text> 
                $
l.12 ...tudes de entrada, las correcciones y las _
                                                  componentes de incertidumb...
I've inserted a begin-math/end-math symbol since I think
you left one out. Proceed, with fingers crossed.


LaTeX Warning: Command \' invalid in math mode on input line 12.


LaTeX Warning: Command \' invalid in math mode on input line 12.


LaTeX Warning: Command \' invalid in math mode on input line 12.

./metodologia.tex:13: Missing $ inserted.
<inserted text> 
                $
l.13 
     
I've inserted a begin-math/end-math symbol since I think
you left one out. Proceed, with fingers crossed.


Overfull \hbox (250.897pt too wide) in paragraph at lines 12--13
\T1/lmr/m/n/12 cio-nes y las $[]\OML/lmm/m/it/12 omponentesdeincertidumbre[]uecontribuyenalaincertidumbredelresultadodemedici\OT1/lmr/m/n/12 Û\OML/lmm/m/it/12 ndeterminanel[]odelomatem\OT1/lmr/m/n/12 ·\OML/lmm/m/it/12 tico[]elacalibraci\OT1/lmr/m/n/12 Û\OML/lmm/m/it/12 n:$ 
 []

./metodologia.tex:14: You can't use `macro parameter character #' in vertical mode.
l.14 #
      ## 1.2. Evaluaci√≥n del resultado de medici√≥n y componentes de incert...
Sorry, but I'm not programmed to handle this case;
I'll just pretend that you didn't ask for it.
If you're in the wrong mode, you might be able to
return to the right one by typing `I}' or `I$' or `I\par'.

./metodologia.tex:14: You can't use `macro parameter character #' in vertical mode.
l.14 ##
       # 1.2. Evaluaci√≥n del resultado de medici√≥n y componentes de incert...
Sorry, but I'm not programmed to handle this case;
I'll just pretend that you didn't ask for it.
If you're in the wrong mode, you might be able to
return to the right one by typing `I}' or `I$' or `I\par'.

./metodologia.tex:14: You can't use `macro parameter character #' in vertical mode.
l.14 ###
         1.2. Evaluaci√≥n del resultado de medici√≥n y componentes de incert...
Sorry, but I'm not programmed to handle this case;
I'll just pretend that you didn't ask for it.
If you're in the wrong mode, you might be able to
return to the right one by typing `I}' or `I$' or `I\par'.

./metodologia.tex:18: Missing $ inserted.
<inserted text> 
                $
l.18 El resultado de la medici√≥n $y$ es una _
                                              estimaci√≥n_ del mensurando $Y...
I've inserted a begin-math/end-math symbol since I think
you left one out. Proceed, with fingers crossed.


LaTeX Warning: Command \' invalid in math mode on input line 18.

./metodologia.tex:18: Missing $ inserted.
<inserted text> 
                $
l.18 ...ciendo las $N$ estimaciones de entrada $x_
                                                  1, x_2, \ldots, x_N$ para ...
I've inserted a begin-math/end-math symbol since I think
you left one out. Proceed, with fingers crossed.


Overfull \hbox (199.77654pt too wide) in paragraph at lines 18--19
[]\T1/lmr/m/n/12 El re-sul-ta-do de la me-di-ciÛn $\OML/lmm/m/it/12 y$ \T1/lmr/m/n/12 es una $[]\OML/lmm/m/it/12 stimaci\OT1/lmr/m/n/12 Û\OML/lmm/m/it/12 n[]elmensurando$\T1/lmr/m/n/12 Y$\OML/lmm/m/it/12 ; queseobtieneintroduciendolas$\T1/lmr/m/n/12 N$\OML/lmm/m/it/12 estimacionesdeentrada$\T1/lmr/m/n/12 x$[]\OML/lmm/m/it/12 ; x[]; [] ; x[]$
 []

[1

{c:/texlive/2026/texmf-var/fonts/map/pdftex/updmap/pdftex.map}{c:/texlive/2026/texmf-dist/fonts/enc/dvips/lm/lm-ec.enc}{c:/texlive/2026/texmf-dist/fonts/enc/dvips/lm/lm-mathit.enc}{c:/texlive/2026/texmf-dist/fonts/enc/dvips/lm/lm-rm.enc}{c:/texlive/2026/texmf-dist/fonts/enc/dvips/lm/lm-mathsy.enc}]
./metodologia.tex:25: Missing $ inserted.
<inserted text> 
                $
l.25 ...ndar estimada asociada a $y$, denominada _
                                                  incertidumbre est√°ndar co...
I've inserted a begin-math/end-math symbol since I think
you left one out. Proceed, with fingers crossed.


LaTeX Warning: Command \' invalid in math mode on input line 25.

./metodologia.tex:25: Double subscript.
l.25 ...da _incertidumbre est√°ndar combinada_ o _
                                                  incertidumbre combinada_ y...
I treat `x_1_2' essentially like `x_1{}_2'.

./metodologia.tex:25: Missing $ inserted.
<inserted text> 
                $
l.25 ...tidumbre combinada_ y representada por $u_
                                                  c(y)$, se determina a part...
I've inserted a begin-math/end-math symbol since I think
you left one out. Proceed, with fingers crossed.

./metodologia.tex:25: Missing $ inserted.
<inserted text> 
                $
l.25 ...estimaci√≥n de entrada $x_i$, denominada _
                                                  incertidumbre est√°ndar_ y...
I've inserted a begin-math/end-math symbol since I think
you left one out. Proceed, with fingers crossed.


LaTeX Warning: Command \' invalid in math mode on input line 25.

./metodologia.tex:25: Missing $ inserted.
<inserted text> 
                $
l.25 ...dumbre est√°ndar_ y representada por $u(x_
                                                  i)$ o $\sigma(x_i)$. **[GU...
I've inserted a begin-math/end-math symbol since I think
you left one out. Proceed, with fingers crossed.


Overfull \hbox (243.54503pt too wide) in paragraph at lines 25--26
[]\T1/lmr/m/n/12 La des-via-ciÛn es-t·n-dar es-ti-ma-da aso-cia-da a $\OML/lmm/m/it/12 y$\T1/lmr/m/n/12 , de-no-mi-na-da $[]\OML/lmm/m/it/12 ncertidumbreest\OT1/lmr/m/n/12 ·\OML/lmm/m/it/12 ndarcombinada[][]ncertidumbrecombinada[]representadapor$\T1/lmr/m/n/12 u$[]\OT1/lmr/m/n/12 (\OML/lmm/m/it/12 y\OT1/lmr/m/n/12 )$\T1/lmr/m/n/12 ,
 []

./metodologia.tex:27: You can't use `macro parameter character #' in vertical mode.
l.27 #
      ### 1.2.1. Factor de estandarizaci√≥n
Sorry, but I'm not programmed to handle this case;
I'll just pretend that you didn't ask for it.
If you're in the wrong mode, you might be able to
return to the right one by typing `I}' or `I$' or `I\par'.

./metodologia.tex:27: You can't use `macro parameter character #' in vertical mode.
l.27 ##
       ## 1.2.1. Factor de estandarizaci√≥n
Sorry, but I'm not programmed to handle this case;
I'll just pretend that you didn't ask for it.
If you're in the wrong mode, you might be able to
return to the right one by typing `I}' or `I$' or `I\par'.

./metodologia.tex:27: You can't use `macro parameter character #' in vertical mode.
l.27 ###
        # 1.2.1. Factor de estandarizaci√≥n
Sorry, but I'm not programmed to handle this case;
I'll just pretend that you didn't ask for it.
If you're in the wrong mode, you might be able to
return to the right one by typing `I}' or `I$' or `I\par'.

./metodologia.tex:27: You can't use `macro parameter character #' in vertical mode.
l.27 ####
          1.2.1. Factor de estandarizaci√≥n
Sorry, but I'm not programmed to handle this case;
I'll just pretend that you didn't ask for it.
If you're in the wrong mode, you might be able to
return to the right one by typing `I}' or `I$' or `I\par'.

./metodologia.tex:29: Missing $ inserted.
<inserted text> 
                $
l.29 ... de probabilidad de origen determinan el _
                                                  factor de estandarizaci√≥n...
I've inserted a begin-math/end-math symbol since I think
you left one out. Proceed, with fingers crossed.


LaTeX Warning: Command \' invalid in math mode on input line 29.


LaTeX Warning: Command \' invalid in math mode on input line 29.


LaTeX Warning: Command \' invalid in math mode on input line 29.

./metodologia.tex:30: Missing $ inserted.
<inserted text> 
                $
l.30 
     
I've inserted a begin-math/end-math symbol since I think
you left one out. Proceed, with fingers crossed.


Overfull \hbox (701.26108pt too wide) in paragraph at lines 29--30
[]\T1/lmr/m/n/12 La for-ma y el an-cho de la dis-tri-bu-ciÛn de pro-ba-bi-li-dad de ori-gen de-ter-mi-nan el $[]\OML/lmm/m/it/12 actordeestandarizaci\OT1/lmr/m/n/12 Û\OML/lmm/m/it/12 n[]orelcualdebedividirseelvalornum\OT1/lmr/m/n/12 È\OML/lmm/m/it/12 ricodecadacomponentedeincertidumbreparaobtenerlaincertidumbreest\OT1/lmr/m/n/12 ·\OML/lmm/m/it/12 ndarcorrespondiente:$ 
 []


./metodologia.tex:42: LaTeX Error: Unicode character ‚àö (U+221A)
               not set up for use with LaTeX.

See the LaTeX manual or LaTeX Companion for explanation.
Type  H <return>  for immediate help.
 ...                                              
                                                  
l.42 ... ancho completo de la campana `2a` | `2‚àö
                                                  3` | `GUM 4.3.7-4.3.8, p.1...
You may provide a definition with
\DeclareUnicodeCharacter 


./metodologia.tex:43: LaTeX Error: Unicode character ‚àö (U+221A)
               not set up for use with LaTeX.

See the LaTeX manual or LaTeX Companion for explanation.
Type  H <return>  for immediate help.
 ...                                              
                                                  
l.43 ...lar | medio ancho de la campana `a` | `‚àö
                                                  3` | `GUM 4.3.7, p.16` ec....
You may provide a definition with
\DeclareUnicodeCharacter 


./metodologia.tex:44: LaTeX Error: Unicode character ‚àö (U+221A)
               not set up for use with LaTeX.

See the LaTeX manual or LaTeX Companion for explanation.
Type  H <return>  for immediate help.
 ...                                              
                                                  
l.44 ... ancho completo de la campana `2a` | `2‚àö
                                                  6` | `GUM 4.3.9, p.17` ec....
You may provide a definition with
\DeclareUnicodeCharacter 


./metodologia.tex:45: LaTeX Error: Unicode character ‚àö (U+221A)
               not set up for use with LaTeX.

See the LaTeX manual or LaTeX Companion for explanation.
Type  H <return>  for immediate help.
 ...                                              
                                                  
l.45 ...ular | medio ancho de la campana`a` | `‚àö
                                                  6` | `GUM 4.3.9, p.17` ec....
You may provide a definition with
\DeclareUnicodeCharacter 

./metodologia.tex:47: You can't use `macro parameter character #' in vertical mode.
l.47 #
      ### 1.2.2. Tipos de incertidumbre y grados de libertad
Sorry, but I'm not programmed to handle this case;
I'll just pretend that you didn't ask for it.
If you're in the wrong mode, you might be able to
return to the right one by typing `I}' or `I$' or `I\par'.

./metodologia.tex:47: You can't use `macro parameter character #' in vertical mode.
l.47 ##
       ## 1.2.2. Tipos de incertidumbre y grados de libertad
Sorry, but I'm not programmed to handle this case;
I'll just pretend that you didn't ask for it.
If you're in the wrong mode, you might be able to
return to the right one by typing `I}' or `I$' or `I\par'.

./metodologia.tex:47: You can't use `macro parameter character #' in vertical mode.
l.47 ###
        # 1.2.2. Tipos de incertidumbre y grados de libertad
Sorry, but I'm not programmed to handle this case;
I'll just pretend that you didn't ask for it.
If you're in the wrong mode, you might be able to
return to the right one by typing `I}' or `I$' or `I\par'.

./metodologia.tex:47: You can't use `macro parameter character #' in vertical mode.
l.47 ####
          1.2.2. Tipos de incertidumbre y grados de libertad
Sorry, but I'm not programmed to handle this case;
I'll just pretend that you didn't ask for it.
If you're in the wrong mode, you might be able to
return to the right one by typing `I}' or `I$' or `I\par'.

./metodologia.tex:55: You can't use `macro parameter character #' in vertical mode.
l.55 #
      ## 1.3. Determinaci√≥n de la incertidumbre combinada
Sorry, but I'm not programmed to handle this case;
I'll just pretend that you didn't ask for it.
If you're in the wrong mode, you might be able to
return to the right one by typing `I}' or `I$' or `I\par'.

./metodologia.tex:55: You can't use `macro parameter character #' in vertical mode.
l.55 ##
       # 1.3. Determinaci√≥n de la incertidumbre combinada
Sorry, but I'm not programmed to handle this case;
I'll just pretend that you didn't ask for it.
If you're in the wrong mode, you might be able to
return to the right one by typing `I}' or `I$' or `I\par'.

./metodologia.tex:55: You can't use `macro parameter character #' in vertical mode.
l.55 ###
         1.3. Determinaci√≥n de la incertidumbre combinada
Sorry, but I'm not programmed to handle this case;
I'll just pretend that you didn't ask for it.
If you're in the wrong mode, you might be able to
return to the right one by typing `I}' or `I$' or `I\par'.

./metodologia.tex:57: Missing $ inserted.
<inserted text> 
                $
l.57 ...e las estimaciones $x_i$ a trav√©s de la _
                                                  ley de propagaci√≥n de inc...
I've inserted a begin-math/end-math symbol since I think
you left one out. Proceed, with fingers crossed.


LaTeX Warning: Command \' invalid in math mode on input line 57.

./metodologia.tex:58: Missing { inserted.
<to be read again> 
                   \tex_par:D 
l.58 
     
A left brace was mandatory here, so I've put one in.
You might want to delete and/or insert some corrections
so that I will find a matching right brace soon.
(If you're confused by all this, try typing `I}' now.)

./metodologia.tex:58: Missing $ inserted.
<inserted text> 
                $
l.58 
     
I've inserted a begin-math/end-math symbol since I think
you left one out. Proceed, with fingers crossed.

./metodologia.tex:58: Missing } inserted.
<inserted text> 
                }
l.58 
     
I've inserted something that you may have forgotten.
(See the <inserted text> above.)
With luck, this will get me unwedged. But if you
really didn't forget anything, try typing `2' now; then
my insertion and my current dilemma will both disappear.

[2]
./metodologia.tex:63: Missing $ inserted.
<inserted text> 
                $
l.63 ... \dfrac{\partial f}{\partial x_i}$ es el _
                                                  coeficiente de sensibilida...
I've inserted a begin-math/end-math symbol since I think
you left one out. Proceed, with fingers crossed.


LaTeX Warning: Command \' invalid in math mode on input line 63.


LaTeX Warning: Command \' invalid in math mode on input line 63.


LaTeX Warning: Command \' invalid in math mode on input line 63.

./metodologia.tex:63: Missing $ inserted.
<inserted text> 
                $
l.63 ... variaciones en la magnitud de entrada $x_
                                                  i$. Los $c_i$ tambi√©n pue...
I've inserted a begin-math/end-math symbol since I think
you left one out. Proceed, with fingers crossed.


Overfull \hbox (445.68826pt too wide) in paragraph at lines 63--65
[]\T1/lmr/m/n/12 donde $\OML/lmm/m/it/12 ci \OT1/lmr/m/n/12 = [][] \OMS/lmsy/m/n/12 ^^Q []$ \T1/lmr/m/n/12 es el $[]\OML/lmm/m/it/12 oeficientedesensibilidad[]elacomponente; unpar\OT1/lmr/m/n/12 ·\OML/lmm/m/it/12 metroquedescribecu\OT1/lmr/m/n/12 ·\OML/lmm/m/it/12 nsensibleeselresultadodelamedici\OT1/lmr/m/n/12 Û\OML/lmm/m/it/12 navariacionesenlamagnituddeentrada$\T1/lmr/m/n/12 x$[]$.
 []

./metodologia.tex:66: You can't use `macro parameter character #' in vertical mode.
l.66 #
      ## 1.4. Determinaci√≥n de la incertidumbre expandida
Sorry, but I'm not programmed to handle this case;
I'll just pretend that you didn't ask for it.
If you're in the wrong mode, you might be able to
return to the right one by typing `I}' or `I$' or `I\par'.

./metodologia.tex:66: You can't use `macro parameter character #' in vertical mode.
l.66 ##
       # 1.4. Determinaci√≥n de la incertidumbre expandida
Sorry, but I'm not programmed to handle this case;
I'll just pretend that you didn't ask for it.
If you're in the wrong mode, you might be able to
return to the right one by typing `I}' or `I$' or `I\par'.

./metodologia.tex:66: You can't use `macro parameter character #' in vertical mode.
l.66 ###
         1.4. Determinaci√≥n de la incertidumbre expandida
Sorry, but I'm not programmed to handle this case;
I'll just pretend that you didn't ask for it.
If you're in the wrong mode, you might be able to
return to the right one by typing `I}' or `I$' or `I\par'.

./metodologia.tex:68: Missing $ inserted.
<inserted text> 
                $
l.68 ...bertura $k$, obteni√©ndose la denominada _
                                                  incertidumbre expandida_
I've inserted a begin-math/end-math symbol since I think
you left one out. Proceed, with fingers crossed.

./metodologia.tex:69: Missing { inserted.
<to be read again> 
                   \tex_par:D 
l.69 
     
A left brace was mandatory here, so I've put one in.
You might want to delete and/or insert some corrections
so that I will find a matching right brace soon.
(If you're confused by all this, try typing `I}' now.)

./metodologia.tex:69: Missing $ inserted.
<inserted text> 
                $
l.69 
     
I've inserted a begin-math/end-math symbol since I think
you left one out. Proceed, with fingers crossed.

./metodologia.tex:69: Missing } inserted.
<inserted text> 
                }
l.69 
     
I've inserted something that you may have forgotten.
(See the <inserted text> above.)
With luck, this will get me unwedged. But if you
really didn't forget anything, try typing `2' now; then
my insertion and my current dilemma will both disappear.

./metodologia.tex:74: Missing $ inserted.
<inserted text> 
                $
l.74 ...d de salida de $y$ y $u_c(y)$. $p$ es el _
                                                  nivel de confianza_ o _pro...
I've inserted a begin-math/end-math symbol since I think
you left one out. Proceed, with fingers crossed.

./metodologia.tex:74: Double subscript.
l.74 ..._c(y)$. $p$ es el _nivel de confianza_ o _
                                                  probabilidad_ del interval...
I treat `x_1_2' essentially like `x_1{}_2'.

./metodologia.tex:74: Missing $ inserted.
<inserted text> 
                $
l.74 ...se intervalo (probabilidad de que $y-U\leq
                                                   Y \leq y+U$).
I've inserted a begin-math/end-math symbol since I think
you left one out. Proceed, with fingers crossed.


Overfull \hbox (677.14334pt too wide) in paragraph at lines 74--76
\T1/lmr/m/n/12 ciÛn $\OML/lmm/m/it/12 p$ \T1/lmr/m/n/12 de la dis-tri-bu-ciÛn de pro-ba-bi-li-dad de sa-li-da de $\OML/lmm/m/it/12 y$ \T1/lmr/m/n/12 y $\OML/lmm/m/it/12 u[]\OT1/lmr/m/n/12 (\OML/lmm/m/it/12 y\OT1/lmr/m/n/12 )$\T1/lmr/m/n/12 . $\OML/lmm/m/it/12 p$ \T1/lmr/m/n/12 es el $[]\OML/lmm/m/it/12 iveldeconfianza[][]robabilidad[]elintervalo; laprobabilidaddequeelvalor\OT1/lmr/m/n/12 "\OML/lmm/m/it/12 verdadero\OT1/lmr/m/n/12 "\OML/lmm/m/it/12 delamagnituddesalida$\T1/lmr/m/n/12 Y$\OML/lmm/m/it/12 seencuentredentrodeeseintervalo\OT1/lmr/m/n/12 (\OML/lmm/m/it/12 probabilidaddeque$\T1/lmr/m/n/12 y-
 []

./metodologia.tex:77: You can't use `macro parameter character #' in vertical mode.
l.77 #
      ### 1.4.1. Elecci√≥n de $k$ y distribuci√≥n t-Student
Sorry, but I'm not programmed to handle this case;
I'll just pretend that you didn't ask for it.
If you're in the wrong mode, you might be able to
return to the right one by typing `I}' or `I$' or `I\par'.

./metodologia.tex:77: You can't use `macro parameter character #' in vertical mode.
l.77 ##
       ## 1.4.1. Elecci√≥n de $k$ y distribuci√≥n t-Student
Sorry, but I'm not programmed to handle this case;
I'll just pretend that you didn't ask for it.
If you're in the wrong mode, you might be able to
return to the right one by typing `I}' or `I$' or `I\par'.

./metodologia.tex:77: You can't use `macro parameter character #' in vertical mode.
l.77 ###
        # 1.4.1. Elecci√≥n de $k$ y distribuci√≥n t-Student
Sorry, but I'm not programmed to handle this case;
I'll just pretend that you didn't ask for it.
If you're in the wrong mode, you might be able to
return to the right one by typing `I}' or `I$' or `I\par'.

./metodologia.tex:77: You can't use `macro parameter character #' in vertical mode.
l.77 ####
          1.4.1. Elecci√≥n de $k$ y distribuci√≥n t-Student
Sorry, but I'm not programmed to handle this case;
I'll just pretend that you didn't ask for it.
If you're in the wrong mode, you might be able to
return to the right one by typing `I}' or `I$' or `I\par'.

./metodologia.tex:93: You can't use `macro parameter character #' in vertical mode.
l.93 #
      ## 1.5. Otros resultados
Sorry, but I'm not programmed to handle this case;
I'll just pretend that you didn't ask for it.
If you're in the wrong mode, you might be able to
return to the right one by typing `I}' or `I$' or `I\par'.

./metodologia.tex:93: You can't use `macro parameter character #' in vertical mode.
l.93 ##
       # 1.5. Otros resultados
Sorry, but I'm not programmed to handle this case;
I'll just pretend that you didn't ask for it.
If you're in the wrong mode, you might be able to
return to the right one by typing `I}' or `I$' or `I\par'.

./metodologia.tex:93: You can't use `macro parameter character #' in vertical mode.
l.93 ###
         1.5. Otros resultados
Sorry, but I'm not programmed to handle this case;
I'll just pretend that you didn't ask for it.
If you're in the wrong mode, you might be able to
return to the right one by typing `I}' or `I$' or `I\par'.

./metodologia.tex:97: You can't use `macro parameter character #' in vertical mode.
l.97 #
      ### 1.5.1 Peso relativo porcentual
Sorry, but I'm not programmed to handle this case;
I'll just pretend that you didn't ask for it.
If you're in the wrong mode, you might be able to
return to the right one by typing `I}' or `I$' or `I\par'.

./metodologia.tex:97: You can't use `macro parameter character #' in vertical mode.
l.97 ##
       ## 1.5.1 Peso relativo porcentual
Sorry, but I'm not programmed to handle this case;
I'll just pretend that you didn't ask for it.
If you're in the wrong mode, you might be able to
return to the right one by typing `I}' or `I$' or `I\par'.

./metodologia.tex:97: You can't use `macro parameter character #' in vertical mode.
l.97 ###
        # 1.5.1 Peso relativo porcentual
Sorry, but I'm not programmed to handle this case;
I'll just pretend that you didn't ask for it.
If you're in the wrong mode, you might be able to
return to the right one by typing `I}' or `I$' or `I\par'.

./metodologia.tex:97: You can't use `macro parameter character #' in vertical mode.
l.97 ####
          1.5.1 Peso relativo porcentual
Sorry, but I'm not programmed to handle this case;
I'll just pretend that you didn't ask for it.
If you're in the wrong mode, you might be able to
return to the right one by typing `I}' or `I$' or `I\par'.

./metodologia.tex:99: Missing $ inserted.
<inserted text> 
                $
l.99 ...es tipos de contribuciones se calcula el _
                                                  peso relativo porcentual_ ...
I've inserted a begin-math/end-math symbol since I think
you left one out. Proceed, with fingers crossed.


LaTeX Warning: Command \textperiodcentered invalid in math mode on input line 101.

LaTeX Font Info:    Trying to load font information for TS1+lmr on input line 101.
(c:/texlive/2026/texmf-dist/tex/latex/lm/ts1lmr.fd
File: ts1lmr.fd 2015/05/01 v1.6.1 Font defs for Latin Modern
)

LaTeX Warning: Command \textperiodcentered invalid in math mode on input line 101.


LaTeX Warning: Command \textperiodcentered invalid in math mode on input line 101.


LaTeX Warning: Command \textperiodcentered invalid in math mode on input line 101.

./metodologia.tex:103: Missing $ inserted.
<inserted text> 
                $
l.103 
      
I've inserted a begin-math/end-math symbol since I think
you left one out. Proceed, with fingers crossed.


Overfull \hbox (346.19012pt too wide) in paragraph at lines 99--103
[]\T1/lmr/m/n/12 Para va-lo-rar y com-pa-rar los di-fe-ren-tes ti-pos de con-tri-bu-cio-nes se cal-cu-la el $[]\OML/lmm/m/it/12 esorelativoporcentual[]ecadacomponentesobrelaincertidumbrecombinadacomo$$Peso \OT1/lmr/m/n/12 %[] =
 []

./metodologia.tex:104: You can't use `macro parameter character #' in vertical mode.
l.104 #
       ### 1.5.2. Condiciones ambientales
Sorry, but I'm not programmed to handle this case;
I'll just pretend that you didn't ask for it.
If you're in the wrong mode, you might be able to
return to the right one by typing `I}' or `I$' or `I\par'.

./metodologia.tex:104: You can't use `macro parameter character #' in vertical mode.
l.104 ##
        ## 1.5.2. Condiciones ambientales
Sorry, but I'm not programmed to handle this case;
I'll just pretend that you didn't ask for it.
If you're in the wrong mode, you might be able to
return to the right one by typing `I}' or `I$' or `I\par'.

./metodologia.tex:104: You can't use `macro parameter character #' in vertical mode.
l.104 ###
         # 1.5.2. Condiciones ambientales
Sorry, but I'm not programmed to handle this case;
I'll just pretend that you didn't ask for it.
If you're in the wrong mode, you might be able to
return to the right one by typing `I}' or `I$' or `I\par'.

./metodologia.tex:104: You can't use `macro parameter character #' in vertical mode.
l.104 ####
           1.5.2. Condiciones ambientales
Sorry, but I'm not programmed to handle this case;
I'll just pretend that you didn't ask for it.
If you're in the wrong mode, you might be able to
return to the right one by typing `I}' or `I$' or `I\par'.

[3{c:/texlive/2026/texmf-dist/fonts/enc/dvips/lm/lm-mathex.enc}]
./metodologia.tex:116: You can't use `macro parameter character #' in vertical mode.
l.116 #
       ### 1.5.3. Tolerancia y dictamen de conformidad
Sorry, but I'm not programmed to handle this case;
I'll just pretend that you didn't ask for it.
If you're in the wrong mode, you might be able to
return to the right one by typing `I}' or `I$' or `I\par'.

./metodologia.tex:116: You can't use `macro parameter character #' in vertical mode.
l.116 ##
        ## 1.5.3. Tolerancia y dictamen de conformidad
Sorry, but I'm not programmed to handle this case;
I'll just pretend that you didn't ask for it.
If you're in the wrong mode, you might be able to
return to the right one by typing `I}' or `I$' or `I\par'.

./metodologia.tex:116: You can't use `macro parameter character #' in vertical mode.
l.116 ###
         # 1.5.3. Tolerancia y dictamen de conformidad
Sorry, but I'm not programmed to handle this case;
I'll just pretend that you didn't ask for it.
If you're in the wrong mode, you might be able to
return to the right one by typing `I}' or `I$' or `I\par'.

./metodologia.tex:116: You can't use `macro parameter character #' in vertical mode.
l.116 ####
           1.5.3. Tolerancia y dictamen de conformidad
Sorry, but I'm not programmed to handle this case;
I'll just pretend that you didn't ask for it.
If you're in the wrong mode, you might be able to
return to the right one by typing `I}' or `I$' or `I\par'.

./metodologia.tex:123: Missing $ inserted.
<inserted text> 
                $
l.123 ...tol_p$ es la tolerancia porcentual y tol_
                                                  f la tolerancia fija reque...
I've inserted a begin-math/end-math symbol since I think
you left one out. Proceed, with fingers crossed.

./metodologia.tex:124: Missing $ inserted.
<inserted text> 
                $
l.124 
      
I've inserted a begin-math/end-math symbol since I think
you left one out. Proceed, with fingers crossed.


Overfull \hbox (64.85614pt too wide) in paragraph at lines 123--124
[]\T1/lmr/m/n/12 donde $\OML/lmm/m/it/12 tol[]$ \T1/lmr/m/n/12 es la to-le-ran-cia por-cen-tual y tol$[]\OML/lmm/m/it/12 latoleranciafijarequeridasparaesepuntoy$\T1/lmr/m/n/12 val$\OML/lmm/m/it/12 eselvalordelectura:$ 
 []

) [4] [5] (out_dir/doc.aux
LaTeX Info: Redefining \sptext on input line 14.
LaTeX Info: Redefining \. on input line 14.
LaTeX Info: Redefining \% on input line 14.
Package cleveref Info: loaded `spanish' language definitions on input line 14.
)
 ***********
LaTeX2e <2025-11-01>
L3 programming layer <2026-01-19>
 ***********


LaTeX Warning: Label(s) may have changed. Rerun to get cross-references right.


Package rerunfilecheck Warning: File `doc.out' has changed.
(rerunfilecheck)                Rerun to get outlines right
(rerunfilecheck)                or use package `bookmark'.

Package rerunfilecheck Info: Checksums for `doc.out':
(rerunfilecheck)             Before: 5E8A2D37210369D2C9C4DDF4D51931C6;680
(rerunfilecheck)             After:  F6D5841840A5B964D2A9D5A00168C9A2;909.
Package logreq Info: Writing requests to 'doc.run.xml'.
\openout1 = `doc.run.xml'.

 ) 
Here is how much of TeX's memory you used:
 23267 strings out of 467525
 412184 string characters out of 5423209
 1271163 words of memory out of 5000000
 51890 multiletter control sequences out of 15000+600000
 690265 words of font info for 85 fonts, out of 8000000 for 9000
 1141 hyphenation exceptions out of 8191
 75i,6n,79p,938b,2138s stack positions out of 10000i,1000n,20000p,200000b,200000s
<c:/texlive/2026/texmf-dist/fonts/type1/public/lm/lmbx12.pfb><c:/texlive/2026/texmf-dist/fonts/type1/public/lm/lmex10.pfb><c:/texlive/2026/texmf-dist/fonts/type1/public/lm/lmmi12.pfb><c:/texlive/2026/texmf-dist/fonts/type1/public/lm/lmmi6.pfb><c:/texlive/2026/texmf-dist/fonts/type1/public/lm/lmmi8.pfb><c:/texlive/2026/texmf-dist/fonts/type1/public/lm/lmr12.pfb><c:/texlive/2026/texmf-dist/fonts/type1/public/lm/lmr17.pfb><c:/texlive/2026/texmf-dist/fonts/type1/public/lm/lmr6.pfb><c:/texlive/2026/texmf-dist/fonts/type1/public/lm/lmr8.pfb><c:/texlive/2026/texmf-dist/fonts/type1/public/lm/lmri12.pfb><c:/texlive/2026/texmf-dist/fonts/type1/public/lm/lmri8.pfb><c:/texlive/2026/texmf-dist/fonts/type1/public/lm/lmsy10.pfb>
Output written on out_dir/doc.pdf (5 pages, 199101 bytes).
PDF statistics:
 122 PDF objects out of 1000 (max. 8388607)
 89 compressed objects within 1 object stream
 14 named destinations out of 1000 (max. 500000)
 33 words of extra memory for PDF output out of 10000 (max. 10000000)

